// Jest Snapshot v1, https://goo.gl/fbAQLP

exports[`Notifications should open notifications list when toggle is clicked and api returns list with 2 objects 1`] = `
<div
  aria-labelledby=""
  class="dropdown-menu show"
  data-testid="dropdownMenu"
  style="position: absolute; top: 0px; left: 0px; transform: translate(0px, 0px);"
  x-placement="bottom-start"
>
  <div
    class="notifications-container"
  >
    <div
      class="notificationItemContainer btn-group"
      data-testid="dropdownItem1"
      role="group"
    >
      <a
        class="dropdown-item"
        href="/cvEditor"
      >
        <div>
          Rozpatrzono CV
        </div>
        <small>
          3/14/2020
        </small>
      </a>
      <button
        class="btn btn-light"
        type="button"
      >
        X
      </button>
    </div>
    <div
      class="notificationItemContainer btn-group"
      data-testid="dropdownItem2"
      role="group"
    >
      <a
        class="dropdown-item"
        href="/"
      >
        <div>
          Dostępne nowe oferty pracy
        </div>
        <small>
          3/14/2020
        </small>
      </a>
      <button
        class="btn btn-light"
        type="button"
      >
        X
      </button>
    </div>
  </div>
  <div
    class="dropdown-divider"
    role="separator"
  />
  <a
    class="dropdown-item"
    href="#"
    role="button"
  >
    Wyczyść
  </a>
</div>
`;

exports[`Notifications should render without crashing 1`] = `
<div>
  <div
    class="dropdown nav-item"
  >
    <button
      aria-expanded="false"
      aria-haspopup="true"
      class="dropdown-toggle btn btn-light"
      type="button"
    >
      Powiadomienia 
    </button>
  </div>
</div>
`;
