// Jest Snapshot v1, https://goo.gl/fbAQLP

exports[`blog modal test should match snapshot 1`] = `
<div
  aria-modal="true"
  class="fade modal show"
  role="dialog"
  style="display: block;"
  tabindex="-1"
>
  <div
    class="modal-dialog"
    role="document"
  >
    <div
      class="modal-content"
    >
      <div
        class="modal-header"
      >
        <div
          class="modal-title h4"
        >
          Nowy wideoblog
        </div>
        <button
          class="close"
          type="button"
        >
          <span
            aria-hidden="true"
          >
            ×
          </span>
          <span
            class="sr-only"
          >
            Close
          </span>
        </button>
      </div>
      <form
        class=""
        novalidate=""
      >
        <div
          class="modal-body"
        >
          <label
            class="form-label"
          >
            (Opcjonalnie) Dodaj zdjęcie w nagłówku bloga
          </label>
          <div
            class="mb-2 custom custom-file"
          >
            <input
              accept="image/*"
              class="custom-file-input"
              id="custom-file"
              type="file"
            />
            <label
              class="custom-file-label"
              data-browse="Wybierz plik"
              for="custom-file"
            >
              Dodaj zdjęcie...
            </label>
          </div>
          <div
            class="form-group"
          >
            <label
              class="form-label"
              for="newTitle"
            >
              Tytuł bloga
            </label>
            <input
              class="form-control"
              data-testid="default"
              id="newTitle"
              maxlength="50"
              minlength="1"
              placeholder="Tytuł bloga"
              required=""
              type="text"
              value=""
            />
            <div
              class="invalid-feedback"
            >
              Podaj tytuł wideobloga
            </div>
          </div>
        </div>
        <div
          class="modal-footer"
        >
          <button
            class="btn btn-primary"
            type="success"
          >
            Stwórz nowy wideoblog
          </button>
        </div>
      </form>
    </div>
  </div>
</div>
`;
