// Jest Snapshot v1, https://goo.gl/fbAQLP

exports[`RemoveOffer should render without crashing 1`] = `
<div>
  <div
    class="removeOffer"
  >
    <button
      class="btn btn-danger"
      type="button"
    >
      Usuń ofertę
    </button>
  </div>
</div>
`;
