// Jest Snapshot v1, https://goo.gl/fbAQLP

exports[`ChangeVideo should render without crashing 1`] = `
<div>
  <button
    class="videoField__button btn btn-primary"
    type="button"
  >
    Zmie≈Ñ film
  </button>
</div>
`;
