// Jest Snapshot v1, https://goo.gl/fbAQLP

exports[`renderWithTimeout should render component 1`] = `
<div>
  <div>
    Å›rodek komponentu
  </div>
</div>
`;
