// Jest Snapshot v1, https://goo.gl/fbAQLP

exports[`ChangeData should match snapshot 1`] = `
<div>
  <div
    class="container"
  >
    <div
      class="card"
    >
      <h2
        class="changeData__header card-header"
      >
        <button
          class="changeData__back btn btn-outline-warning"
          type="button"
        >
          &lt;
        </button>
        Popraw dane użytkownika:
         
      </h2>
      <div
        class="card-body"
      >
        <form
          class="changeData__form"
        >
          <div
            class="changeData__wrapper"
          >
            <div
              class="changeData__wrapper__card card bg-light"
            >
              <div
                class="card-header"
              >
                Dane osobowe
              </div>
              <div
                class="card-body"
              >
                <div
                  class="form-group"
                >
                  <label
                    class="form-label"
                    for="firstName"
                  >
                    Imię
                  </label>
                  <input
                    class="form-control"
                    data-testid="default"
                    id="firstName"
                    maxlength="30"
                    minlength="1"
                    placeholder="Imię"
                    type="text"
                    value="user"
                  />
                </div>
                <div
                  class="form-group"
                >
                  <label
                    class="form-label"
                    for="lastName"
                  >
                    Nazwisko
                  </label>
                  <input
                    class="form-control"
                    data-testid="default"
                    id="lastName"
                    maxlength="30"
                    minlength="1"
                    placeholder="Nazwisko"
                    type="text"
                    value="user"
                  />
                </div>
                <div
                  class="form-group"
                  invalid="Podaj numer telefonu w formacie: +48123123123"
                >
                  <label
                    class="form-label"
                    for="phoneNumber"
                  >
                    Numer telefonu
                  </label>
                  <input
                    class="form-control"
                    id="phoneNumber"
                    type="tel"
                    value="+48123123123"
                  />
                </div>
              </div>
            </div>
            <div
              class="changeData__wrapper__card card bg-light"
            >
              <div
                class="card-header"
              >
                Adres placówki
              </div>
              <div
                class="card-body"
              >
                <div
                  class="form-group"
                >
                  <label
                    class="form-label"
                    for="facilityName"
                  >
                    Nazwa placówki
                  </label>
                  <input
                    class="form-control"
                    data-testid="default"
                    id="facilityName"
                    maxlength="100"
                    minlength="1"
                    placeholder="Nazwa placówki"
                    type="text"
                    value="abc"
                  />
                </div>
                <div
                  class="form-group"
                >
                  <label
                    class="form-label"
                    for="street"
                  >
                    Ulica
                  </label>
                  <input
                    class="form-control"
                    data-testid="default"
                    id="street"
                    maxlength="120"
                    minlength="1"
                    placeholder="Ulica"
                    type="text"
                    value="city"
                  />
                </div>
                <div
                  class="form-group"
                >
                  <label
                    class="form-label"
                    for="streetNumber"
                  >
                    Numer budynku
                  </label>
                  <input
                    class="form-control"
                    data-testid="default"
                    id="streetNumber"
                    maxlength="20"
                    minlength="1"
                    placeholder="Numer budynku"
                    type="text"
                    value="12"
                  />
                </div>
                <div
                  class="form-group"
                >
                  <label
                    class="form-label"
                    for="city"
                  >
                    Nazwa miasta
                  </label>
                  <input
                    class="form-control"
                    data-testid="default"
                    id="city"
                    maxlength="40"
                    minlength="1"
                    placeholder="Nazwa miasta"
                    type="text"
                    value="new"
                  />
                </div>
                <div
                  class="form-group"
                >
                  <label
                    class="form-label"
                    for="postalCode"
                  >
                    Kod pocztowy
                  </label>
                  <input
                    class="form-control"
                    data-testid="default"
                    id="postalCode"
                    maxlength="6"
                    minlength="1"
                    pattern="[0-9]{2}[-][0-9]{3}"
                    placeholder="Kod pocztowy"
                    type="text"
                    value="12-123"
                  />
                </div>
              </div>
            </div>
          </div>
          <div
            class="ml-0 mr-0 mt-3 justify-content-center row"
          >
            <button
              class="btn btn-primary"
              type="submit"
            >
              Prześlij zmiany
            </button>
          </div>
        </form>
      </div>
    </div>
  </div>
</div>
`;
