// Jest Snapshot v1, https://goo.gl/fbAQLP

exports[`BlockAccountButton should render without crashing 1`] = `
<div>
  <button
    class="btn btn-secondary"
    type="button"
  >
    Zablokuj konto
  </button>
</div>
`;
