// Jest Snapshot v1, https://goo.gl/fbAQLP

exports[`VideoField should render without crashing 1`] = `
<div>
  <div
    class="videoField__container my-3"
  >
    <div
      class=""
    >
      <div
        class="videoField__video"
      />
    </div>
  </div>
</div>
`;
