// Jest Snapshot v1, https://goo.gl/fbAQLP

exports[`SkillsTab should render without crashing 1`] = `
<div>
  <div>
    <h3>
      Umiejętności
    </h3>
    <div
      class="form-group"
    >
      <img
        alt=""
        class="CVEditorTab__img"
        src="movie_4.png"
      />
    </div>
    <div>
      <div
        class="form-group"
      >
        <label
          class="form-label"
          for="skillName"
        >
          Umiejętność
        </label>
        <input
          class="form-control"
          id="skillName"
          placeholder="Wpisz umiejętność"
          type="text"
          value=""
        />
      </div>
      <button
        class="itemsList__addButton btn btn-success"
        type="button"
      >
        + Dodaj
      </button>
    </div>
    <div
      class="row"
    >
      <div
        class="col-md-6 col-12"
      >
        <button
          class="form_navigation_prev btn btn-primary btn-block"
          disabled=""
          type="button"
        >
          ← Wstecz
        </button>
      </div>
      <div
        class="col-md-6 col-12"
      >
        <button
          class="btn btn-success btn-block"
          id="saveButton"
          type="submit"
        >
          Generuj CV
        </button>
      </div>
    </div>
  </div>
</div>
`;
