// Jest Snapshot v1, https://goo.gl/fbAQLP

exports[`PrivateRoute test should match snapshot 1`] = `<div />`;
